python : Creating test database for alias 'default' 
('file:memorydb_default?mode=memory&cache=shared')...
At line:1 char:92
+ ... \A2_Recipe_App\src" ; python manage.py test recipes -v 2 2>&1 | Tee-O ...
+                           ~~~~~~~~~~~~~~~~~~~~~~~~~~~~~~~~~~~~~~~
    + CategoryInfo          : NotSpecified: (Creating test d...che=shared')... 
   :String) [], RemoteException
    + FullyQualifiedErrorId : NativeCommandError
 

Found 20 test(s).
Operations to perform:
  Synchronize unmigrated apps: messages, staticfiles
  Apply all migrations: admin, auth, contenttypes, ingredients, recipes, reviews, sessions
Synchronizing apps without migrations:
  Creating tables...
    Running deferred SQL...
Running migrations:
  Applying contenttypes.0001_initial... OK
  Applying auth.0001_initial... OK
  Applying admin.0001_initial... OK
  Applying admin.0002_logentry_remove_auto_add... OK
  Applying admin.0003_logentry_add_action_flag_choices... OK
  Applying contenttypes.0002_remove_content_type_name... OK
  Applying auth.0002_alter_permission_name_max_length... OK
  Applying auth.0003_alter_user_email_max_length... OK
  Applying auth.0004_alter_user_username_opts... OK
  Applying auth.0005_alter_user_last_login_null... OK
  Applying auth.0006_require_contenttypes_0002... OK
  Applying auth.0007_alter_validators_add_error_messages... OK
  Applying auth.0008_alter_user_username_max_length... OK
  Applying auth.0009_alter_user_last_name_max_length... OK
  Applying auth.0010_alter_group_name_max_length... OK
  Applying auth.0011_update_proxy_permissions... OK
  Applying auth.0012_alter_user_first_name_max_length... OK
  Applying ingredients.0001_initial... OK
  Applying recipes.0001_initial... OK
  Applying recipes.0002_remove_recipe_description_remove_recipe_instructions_and_more... OK
  Applying recipes.0003_recipe_instructions... OK
  Applying reviews.0001_initial... OK
Destroying test database for alias 'default' 
('file:memorydb_default?mode=memory&cache=shared')...

  Applying sessions.0001_initial... OK
Traceback (most recent call last):
  File "C:\Users\user\AppData\Local\Programs\Python\Python314\Lib\site-packages
\django\core\checks\urls.py", line 136, in check_custom_error_handlers
    handler = resolver.resolve_error_handler(status_code)
  File "C:\Users\user\AppData\Local\Programs\Python\Python314\Lib\site-packages
\django\urls\resolvers.py", line 743, in resolve_error_handler
    callback = getattr(self.urlconf_module, "handler%s" % view_type, None)
                       ^^^^^^^^^^^^^^^^^^^
  File "C:\Users\user\AppData\Local\Programs\Python\Python314\Lib\site-packages
\django\utils\functional.py", line 47, in __get__
    res = instance.__dict__[self.name] = self.func(instance)
                                         ~~~~~~~~~^^^^^^^^^^
  File "C:\Users\user\AppData\Local\Programs\Python\Python314\Lib\site-packages
\django\urls\resolvers.py", line 722, in urlconf_module
    return import_module(self.urlconf_name)
  File "C:\Users\user\AppData\Local\Programs\Python\Python314\Lib\importlib\__i
nit__.py", line 88, in import_module
    return _bootstrap._gcd_import(name[level:], package, level)
           ~~~~~~~~~~~~~~~~~~~~~~^^^^^^^^^^^^^^^^^^^^^^^^^^^^^^
  File "<frozen importlib._bootstrap>", line 1398, in _gcd_import
  File "<frozen importlib._bootstrap>", line 1371, in _find_and_load
  File "<frozen importlib._bootstrap>", line 1342, in _find_and_load_unlocked
  File "<frozen importlib._bootstrap>", line 938, in _load_unlocked
  File "<frozen importlib._bootstrap_external>", line 759, in exec_module
  File "<frozen importlib._bootstrap>", line 491, in _call_with_frames_removed
  File "C:\Users\user\Desktop\Career_Foundry\Specialization\Achievement.2\A2_Re
cipe_App\src\recipe_project\urls.py", line 15, in <module>
    path('', include('recipes.urls', namespace='recipes')),
             ~~~~~~~^^^^^^^^^^^^^^^^^^^^^^^^^^^^^^^^^^^^^
  File "C:\Users\user\AppData\Local\Programs\Python\Python314\Lib\site-packages
\django\urls\conf.py", line 39, in include
    urlconf_module = import_module(urlconf_module)
  File "C:\Users\user\AppData\Local\Programs\Python\Python314\Lib\importlib\__i
nit__.py", line 88, in import_module
    return _bootstrap._gcd_import(name[level:], package, level)
           ~~~~~~~~~~~~~~~~~~~~~~^^^^^^^^^^^^^^^^^^^^^^^^^^^^^^
  File "<frozen importlib._bootstrap>", line 1398, in _gcd_import
  File "<frozen importlib._bootstrap>", line 1371, in _find_and_load
  File "<frozen importlib._bootstrap>", line 1342, in _find_and_load_unlocked
  File "<frozen importlib._bootstrap>", line 938, in _load_unlocked
  File "<frozen importlib._bootstrap_external>", line 759, in exec_module
  File "<frozen importlib._bootstrap>", line 491, in _call_with_frames_removed
  File "C:\Users\user\Desktop\Career_Foundry\Specialization\Achievement.2\A2_Re
cipe_App\src\recipes\urls.py", line 2, in <module>
    from .views import home, RecipeListView, RecipeDetailView, recipe_search
  File "C:\Users\user\Desktop\Career_Foundry\Specialization\Achievement.2\A2_Re
cipe_App\src\recipes\views.py", line 5, in <module>
    import pandas as pd
ModuleNotFoundError: No module named 'pandas'

During handling of the above exception, another exception occurred:

Traceback (most recent call last):
  File "C:\Users\user\Desktop\Career_Foundry\Specialization\Achievement.2\A2_Re
cipe_App\src\manage.py", line 22, in <module>
    main()
    ~~~~^^
  File "C:\Users\user\Desktop\Career_Foundry\Specialization\Achievement.2\A2_Re
cipe_App\src\manage.py", line 18, in main
    execute_from_command_line(sys.argv)
    ~~~~~~~~~~~~~~~~~~~~~~~~~^^^^^^^^^^
  File "C:\Users\user\AppData\Local\Programs\Python\Python314\Lib\site-packages
\django\core\management\__init__.py", line 443, in execute_from_command_line
    utility.execute()
    ~~~~~~~~~~~~~~~^^
  File "C:\Users\user\AppData\Local\Programs\Python\Python314\Lib\site-packages
\django\core\management\__init__.py", line 437, in execute
    self.fetch_command(subcommand).run_from_argv(self.argv)
    ~~~~~~~~~~~~~~~~~~~~~~~~~~~~~~~~~~~~~~~~~~~~^^^^^^^^^^^
  File "C:\Users\user\AppData\Local\Programs\Python\Python314\Lib\site-packages
\django\core\management\commands\test.py", line 24, in run_from_argv
    super().run_from_argv(argv)
    ~~~~~~~~~~~~~~~~~~~~~^^^^^^
  File "C:\Users\user\AppData\Local\Programs\Python\Python314\Lib\site-packages
\django\core\management\base.py", line 420, in run_from_argv
    self.execute(*args, **cmd_options)
    ~~~~~~~~~~~~^^^^^^^^^^^^^^^^^^^^^^
  File "C:\Users\user\AppData\Local\Programs\Python\Python314\Lib\site-packages
\django\core\management\base.py", line 464, in execute
    output = self.handle(*args, **options)
  File "C:\Users\user\AppData\Local\Programs\Python\Python314\Lib\site-packages
\django\core\management\commands\test.py", line 63, in handle
    failures = test_runner.run_tests(test_labels)
  File "C:\Users\user\AppData\Local\Programs\Python\Python314\Lib\site-packages
\django\test\runner.py", line 1145, in run_tests
    self.run_checks(databases)
    ~~~~~~~~~~~~~~~^^^^^^^^^^^
  File "C:\Users\user\AppData\Local\Programs\Python\Python314\Lib\site-packages
\django\test\runner.py", line 1067, in run_checks
    call_command("check", verbosity=self.verbosity, databases=databases)
    ~~~~~~~~~~~~^^^^^^^^^^^^^^^^^^^^^^^^^^^^^^^^^^^^^^^^^^^^^^^^^^^^^^^^
  File "C:\Users\user\AppData\Local\Programs\Python\Python314\Lib\site-packages
\django\core\management\__init__.py", line 195, in call_command
    return command.execute(*args, **defaults)
           ~~~~~~~~~~~~~~~^^^^^^^^^^^^^^^^^^^
  File "C:\Users\user\AppData\Local\Programs\Python\Python314\Lib\site-packages
\django\core\management\base.py", line 464, in execute
    output = self.handle(*args, **options)
  File "C:\Users\user\AppData\Local\Programs\Python\Python314\Lib\site-packages
\django\core\management\commands\check.py", line 81, in handle
    self.check(
    ~~~~~~~~~~^
        app_configs=app_configs,
        ^^^^^^^^^^^^^^^^^^^^^^^^
    ...<4 lines>...
        databases=options["databases"],
        ^^^^^^^^^^^^^^^^^^^^^^^^^^^^^^^
    )
    ^
  File "C:\Users\user\AppData\Local\Programs\Python\Python314\Lib\site-packages
\django\core\management\base.py", line 496, in check
    all_issues = checks.run_checks(
        app_configs=app_configs,
    ...<2 lines>...
        databases=databases,
    )
  File "C:\Users\user\AppData\Local\Programs\Python\Python314\Lib\site-packages
\django\core\checks\registry.py", line 89, in run_checks
    new_errors = check(app_configs=app_configs, databases=databases)
  File "C:\Users\user\AppData\Local\Programs\Python\Python314\Lib\site-packages
\django\core\checks\urls.py", line 138, in check_custom_error_handlers
    path = getattr(resolver.urlconf_module, "handler%s" % status_code)
                   ^^^^^^^^^^^^^^^^^^^^^^^
  File "C:\Users\user\AppData\Local\Programs\Python\Python314\Lib\site-packages
\django\utils\functional.py", line 47, in __get__
    res = instance.__dict__[self.name] = self.func(instance)
                                         ~~~~~~~~~^^^^^^^^^^
  File "C:\Users\user\AppData\Local\Programs\Python\Python314\Lib\site-packages
\django\urls\resolvers.py", line 722, in urlconf_module
    return import_module(self.urlconf_name)
  File "C:\Users\user\AppData\Local\Programs\Python\Python314\Lib\importlib\__i
nit__.py", line 88, in import_module
    return _bootstrap._gcd_import(name[level:], package, level)
           ~~~~~~~~~~~~~~~~~~~~~~^^^^^^^^^^^^^^^^^^^^^^^^^^^^^^
  File "<frozen importlib._bootstrap>", line 1398, in _gcd_import
  File "<frozen importlib._bootstrap>", line 1371, in _find_and_load
  File "<frozen importlib._bootstrap>", line 1342, in _find_and_load_unlocked
  File "<frozen importlib._bootstrap>", line 938, in _load_unlocked
  File "<frozen importlib._bootstrap_external>", line 759, in exec_module
  File "<frozen importlib._bootstrap>", line 491, in _call_with_frames_removed
  File "C:\Users\user\Desktop\Career_Foundry\Specialization\Achievement.2\A2_Re
cipe_App\src\recipe_project\urls.py", line 15, in <module>
    path('', include('recipes.urls', namespace='recipes')),
             ~~~~~~~^^^^^^^^^^^^^^^^^^^^^^^^^^^^^^^^^^^^^
  File "C:\Users\user\AppData\Local\Programs\Python\Python314\Lib\site-packages
\django\urls\conf.py", line 39, in include
    urlconf_module = import_module(urlconf_module)
  File "C:\Users\user\AppData\Local\Programs\Python\Python314\Lib\importlib\__i
nit__.py", line 88, in import_module
    return _bootstrap._gcd_import(name[level:], package, level)
           ~~~~~~~~~~~~~~~~~~~~~~^^^^^^^^^^^^^^^^^^^^^^^^^^^^^^
  File "<frozen importlib._bootstrap>", line 1398, in _gcd_import
  File "<frozen importlib._bootstrap>", line 1371, in _find_and_load
  File "<frozen importlib._bootstrap>", line 1342, in _find_and_load_unlocked
  File "<frozen importlib._bootstrap>", line 938, in _load_unlocked
  File "<frozen importlib._bootstrap_external>", line 759, in exec_module
  File "<frozen importlib._bootstrap>", line 491, in _call_with_frames_removed
  File "C:\Users\user\Desktop\Career_Foundry\Specialization\Achievement.2\A2_Re
cipe_App\src\recipes\urls.py", line 2, in <module>
    from .views import home, RecipeListView, RecipeDetailView, recipe_search
  File "C:\Users\user\Desktop\Career_Foundry\Specialization\Achievement.2\A2_Re
cipe_App\src\recipes\views.py", line 5, in <module>
    import pandas as pd
ModuleNotFoundError: No module named 'pandas'
